<html>
<body>
<pre>
<h1>µVision Build Log</h1>
<h2>Tool Versions:</h2>
IDE-Version: µVision V5.29.0.0
Copyright (C) 2019 ARM Ltd and ARM Germany GmbH. All rights reserved.
License Information: Ghada Alaa, Faculty of Engineering Ain Shams Univeristy, LIC=----
 
Tool Versions:
Toolchain:       MDK-Lite  Version: 5.29.0.0
Toolchain Path:  D:\KEIL\ARM\ARMCC\Bin
C Compiler:      Armcc.exe V5.06 update 6 (build 750)
Assembler:       Armasm.exe V5.06 update 6 (build 750)
Linker/Locator:  ArmLink.exe V5.06 update 6 (build 750)
Library Manager: ArmAr.exe V5.06 update 6 (build 750)
Hex Converter:   FromElf.exe V5.06 update 6 (build 750)
CPU DLL:         SARM.DLL V5.29.0.0
Dialog DLL:      DARMP.DLL V1.53.0.0
Target DLL:      UL2ARM.DLL V1.74.10.0
Dialog DLL:      TARMP.DLL V1.53.0.0
 
<h2>Project:</h2>
C:\Users\DELL\Downloads\FreeRTOS\FreeRTOSv202112.00\FreeRTOSv202112.00\FreeRTOS\Demo\ARM7_LPC2129_Keil_RVDS\RTOSDemo.uvproj
Project File Date:  08/22/2022

<h2>Output:</h2>
*** Using Compiler 'V5.06 update 6 (build 750)', folder: 'D:\KEIL\ARM\ARMCC\Bin'
Build target 'RTOSDemo_THUMB'
compiling main.c...
Starter_Files_V1\Starter_Files_V1\source\main.c(106): warning:  #167-D: argument of type "void *" is incompatible with parameter of type "TaskHookFunction_t"
    vTaskSetApplicationTaskTag( NULL, ( void * ) 1 );
Starter_Files_V1\Starter_Files_V1\source\main.c(116): warning:  #167-D: argument of type "void *" is incompatible with parameter of type "TaskHookFunction_t"
    vTaskSetApplicationTaskTag( NULL, ( void * ) 2 );
Starter_Files_V1\Starter_Files_V1\source\main.c: 2 warnings, 0 errors
linking...
Program Size: Code=11516 RO-data=32 RW-data=244 ZI-data=15380  
FromELF: creating hex file...
".\bin\RTOSDemo.axf" - 0 Error(s), 2 Warning(s).
Build Time Elapsed:  00:00:00
</pre>
</body>
</html>
